connection handler failed
Traceback (most recent call last):
  File "C:\Users\Lee\AppData\Roaming\uv\python\cpython-3.12.2-windows-x86_64-none\Lib\asyncio\windows_events.py", line 461, in finish_socket_func
    return ov.getresult()
           ^^^^^^^^^^^^^^
OSError: [WinError 64] The specified network name is no longer available

During handling of the above exception, another exception occurred:

Traceback (most recent call last):
  File "C:\Users\Lee\AppData\Roaming\uv\python\cpython-3.12.2-windows-x86_64-none\Lib\asyncio\proactor_events.py", line 286, in _loop_reading
    length = fut.result()
             ^^^^^^^^^^^^
  File "C:\Users\Lee\AppData\Roaming\uv\python\cpython-3.12.2-windows-x86_64-none\Lib\asyncio\windows_events.py", line 798, in _poll
    value = callback(transferred, key, ov)
            ^^^^^^^^^^^^^^^^^^^^^^^^^^^^^^
  File "C:\Users\Lee\AppData\Roaming\uv\python\cpython-3.12.2-windows-x86_64-none\Lib\asyncio\windows_events.py", line 465, in finish_socket_func
    raise ConnectionResetError(*exc.args)
ConnectionResetError: [WinError 64] The specified network name is no longer available

The above exception was the direct cause of the following exception:

Traceback (most recent call last):
  File "C:\Users\Lee\coding\CSharp\HK\FullKnight\.venv\Lib\site-packages\websockets\asyncio\server.py", line 376, in conn_handler
    await self.handler(connection)
  File "C:\Users\Lee\coding\CSharp\HK\FullKnight\python\vec_env.py", line 58, in _on_connect
    await self.envs[idx].init()
  File "C:\Users\Lee\coding\CSharp\HK\FullKnight\python\env.py", line 44, in init
    await self.ws.recv()
  File "C:\Users\Lee\coding\CSharp\HK\FullKnight\.venv\Lib\site-packages\websockets\asyncio\connection.py", line 324, in recv
    raise self.protocol.close_exc from self.recv_exc
websockets.exceptions.ConnectionClosedError: no close frame received or sent
